// Jest Snapshot v1, https://goo.gl/fbAQLP

exports[`SignInPage page Should render match with snapshot. 1`] = `
<div>
  <h2
    class="chakra-heading css-13dgr0x"
  >
    Welcome back
  </h2>
  <p
    class="chakra-text css-1g70tbz"
  >
    Welcome back! Please enter your details
  </p>
  <div>
    LoginForm
  </div>
  <p
    class="chakra-text css-qbqnjq"
  >
    Don't have an account?Â 
    <span
      class="chakra-text css-1kz23e"
    >
      <a
        href="/sign-up"
      >
        Sign Up
      </a>
    </span>
  </p>
</div>
`;
