// Jest Snapshot v1, https://goo.gl/fbAQLP

exports[`Sort component should match snapshot 1`] = `
<div>
  <span
    class="css-1ehzxp"
  >
    <span
      class="css-zvlevn"
    >
      Women
    </span>
    <button
      aria-label="close"
      class="css-sorhh"
      data-testid="close-btn"
      type="button"
    >
      <svg
        class="chakra-icon css-1md6f3y"
        focusable="false"
        viewBox="0 0 512 512"
      >
        <path
          d="M289.94 256l95-95A24 24 0 00351 127l-95 95-95-95a24 24 0 00-34 34l95 95-95 95a24 24 0 1034 34l95-95 95 95a24 24 0 0034-34z"
          fill="currentColor"
        />
      </svg>
    </button>
  </span>
  <span
    class="css-1ehzxp"
  >
    <span
      class="css-zvlevn"
    >
      Man
    </span>
    <button
      aria-label="close"
      class="css-sorhh"
      data-testid="close-btn"
      type="button"
    >
      <svg
        class="chakra-icon css-1md6f3y"
        focusable="false"
        viewBox="0 0 512 512"
      >
        <path
          d="M289.94 256l95-95A24 24 0 00351 127l-95 95-95-95a24 24 0 00-34 34l95 95-95 95a24 24 0 1034 34l95-95 95 95a24 24 0 0034-34z"
          fill="currentColor"
        />
      </svg>
    </button>
  </span>
</div>
`;
