// Jest Snapshot v1, https://goo.gl/fbAQLP

exports[`MainLayout should match snapshot 1`] = `
<div>
  <div>
    Header
  </div>
  <div>
    Children component
  </div>
  <div>
    Footer
  </div>
</div>
`;
