// Jest Snapshot v1, https://goo.gl/fbAQLP

exports[`LoginForm should match with snapshot 1`] = `
<div>
  <form
    class="css-1m7lw4y"
  >
    <div
      class="css-j7qwjs"
    >
      <label
        class="chakra-form__label css-uvho5g"
      >
        Email
      </label>
      <div
        class="chakra-form-control css-0"
        role="group"
      >
        <input
          class="chakra-input css-0"
          id="field-:r1:"
          name="email"
          placeholder="Your email"
          value=""
        />
      </div>
    </div>
    <div
      class="css-j7qwjs"
    >
      <label
        class="chakra-form__label css-uvho5g"
      >
        Password
      </label>
      <div
        class="chakra-form-control css-0"
        role="group"
      >
        <div
          class="chakra-input__group css-bx0blc"
          data-group="true"
        >
          <input
            class="chakra-input css-0"
            id="field-:r2:"
            name="password"
            placeholder="Enter password"
            type="password"
            value=""
          />
          <div
            class="chakra-input__right-element css-dp9r5f"
            data-testid="view-icon"
            style="cursor: pointer;"
          >
            <svg
              class="chakra-icon css-w31a5m"
              focusable="false"
              viewBox="0 0 24 24"
            >
              <g
                fill="currentColor"
              >
                <path
                  d="M23.432,10.524C20.787,7.614,16.4,4.538,12,4.6,7.6,4.537,3.213,7.615.568,10.524a2.211,2.211,0,0,0,0,2.948C3.182,16.351,7.507,19.4,11.839,19.4h.308c4.347,0,8.671-3.049,11.288-5.929A2.21,2.21,0,0,0,23.432,10.524ZM7.4,12A4.6,4.6,0,1,1,12,16.6,4.6,4.6,0,0,1,7.4,12Z"
                />
                <circle
                  cx="12"
                  cy="12"
                  r="2"
                />
              </g>
            </svg>
          </div>
        </div>
      </div>
    </div>
    <p
      class="chakra-text css-s0uli3"
    >
      Forgot password
    </p>
    <button
      class="chakra-button css-g5yz1r"
      disabled=""
      type="submit"
    >
      Sign in
    </button>
  </form>
</div>
`;
