// Jest Snapshot v1, https://goo.gl/fbAQLP

exports[`ModalConfirm should match snapshot for ModalConfirm 1`] = `
<div
  aria-hidden="true"
  data-aria-hidden="true"
/>
`;
