// Jest Snapshot v1, https://goo.gl/fbAQLP

exports[`LoadingIndicator component should match snapshot for LoadingIndicator 1`] = `
<div>
  <div
    class="css-0"
    style="position: fixed; top: 0px; left: 0px; width: 100%; height: 100%; display: flex; align-items: center; justify-content: center; background-color: black; opacity: 0.7; z-index: 9999;"
  >
    <div
      class="chakra-spinner css-gqn43r"
    >
      <span
        class="css-8b45rq"
      >
        Loading...
      </span>
    </div>
  </div>
</div>
`;
