// Jest Snapshot v1, https://goo.gl/fbAQLP

exports[`NotFound should match snapshot 1`] = `
<div>
  <div
    class="css-qxo1c5"
  >
    <h2
      class="chakra-heading css-0"
    >
      404 Not Found
    </h2>
    <p
      class="chakra-text css-0"
    >
      Could not find the requested product.
    </p>
    <a
      href="/"
      style="text-decoration: underline;"
    >
      Return Home
    </a>
  </div>
</div>
`;
