// Jest Snapshot v1, https://goo.gl/fbAQLP

exports[`CartItems should match snapshot for CartItems 1`] = `
<div>
  <table
    class="chakra-table css-0"
  >
    <thead
      class="css-0"
    >
      <tr
        class="css-0"
      >
        <th
          class="css-0"
        />
        <th
          class="css-0"
        />
        <th
          class="css-0"
        >
          Product
        </th>
        <th
          class="css-0"
        >
          Price
        </th>
        <th
          class="css-0"
        >
          Quantity
        </th>
        <th
          class="css-0"
        >
          Total
        </th>
      </tr>
    </thead>
    <tbody
      class="css-0"
    >
      <tr
        class="css-0"
      >
        <td
          class="css-1a88wtd"
        >
          <div
            class="css-ie49k9"
          >
            x
          </div>
        </td>
        <td
          class="css-0"
        >
          <div
            class="css-1bdr4yj"
          >
            <img
              alt="Product Image"
              data-nimg="fill"
              decoding="async"
              fetchpriority="high"
              sizes="100vw"
              src="/_next/image?url=https%3A%2F%2Ffirebasestorage.googleapis.com%2Fv0%2Fb%2Fecommerce-fashion-16e2e.appspot.com%2Fo%2Fblack-polo-shirt.webp%3Falt%3Dmedia&w=3840&q=75"
              srcset="/_next/image?url=https%3A%2F%2Ffirebasestorage.googleapis.com%2Fv0%2Fb%2Fecommerce-fashion-16e2e.appspot.com%2Fo%2Fblack-polo-shirt.webp%3Falt%3Dmedia&w=640&q=75 640w, /_next/image?url=https%3A%2F%2Ffirebasestorage.googleapis.com%2Fv0%2Fb%2Fecommerce-fashion-16e2e.appspot.com%2Fo%2Fblack-polo-shirt.webp%3Falt%3Dmedia&w=750&q=75 750w, /_next/image?url=https%3A%2F%2Ffirebasestorage.googleapis.com%2Fv0%2Fb%2Fecommerce-fashion-16e2e.appspot.com%2Fo%2Fblack-polo-shirt.webp%3Falt%3Dmedia&w=828&q=75 828w, /_next/image?url=https%3A%2F%2Ffirebasestorage.googleapis.com%2Fv0%2Fb%2Fecommerce-fashion-16e2e.appspot.com%2Fo%2Fblack-polo-shirt.webp%3Falt%3Dmedia&w=1080&q=75 1080w, /_next/image?url=https%3A%2F%2Ffirebasestorage.googleapis.com%2Fv0%2Fb%2Fecommerce-fashion-16e2e.appspot.com%2Fo%2Fblack-polo-shirt.webp%3Falt%3Dmedia&w=1200&q=75 1200w, /_next/image?url=https%3A%2F%2Ffirebasestorage.googleapis.com%2Fv0%2Fb%2Fecommerce-fashion-16e2e.appspot.com%2Fo%2Fblack-polo-shirt.webp%3Falt%3Dmedia&w=1920&q=75 1920w, /_next/image?url=https%3A%2F%2Ffirebasestorage.googleapis.com%2Fv0%2Fb%2Fecommerce-fashion-16e2e.appspot.com%2Fo%2Fblack-polo-shirt.webp%3Falt%3Dmedia&w=2048&q=75 2048w, /_next/image?url=https%3A%2F%2Ffirebasestorage.googleapis.com%2Fv0%2Fb%2Fecommerce-fashion-16e2e.appspot.com%2Fo%2Fblack-polo-shirt.webp%3Falt%3Dmedia&w=3840&q=75 3840w"
              style="position: absolute; height: 100%; width: 100%; left: 0px; top: 0px; right: 0px; bottom: 0px; color: transparent;"
            />
          </div>
        </td>
        <td
          class="css-0"
          style="font-weight: bold;"
        >
          <a
            href="/products/1"
          >
            Plain White Shirt
          </a>
        </td>
        <td
          class="css-0"
        >
          $69.00
        </td>
        <td
          class="css-0"
        >
          <div
            class="css-wpwawf"
          >
            <div
              class="css-1en42kf"
            >
              <button
                class="chakra-button css-15ey06b"
                type="button"
              >
                -
              </button>
            </div>
            <div
              class="css-1en42kf"
            >
              <span
                class="chakra-text css-uh9d7y"
              >
                2
              </span>
            </div>
            <div
              class="css-1en42kf"
            >
              <button
                class="chakra-button css-d83nk5"
                type="button"
              >
                +
              </button>
            </div>
          </div>
        </td>
        <td
          class="css-0"
        >
          $138.00
        </td>
      </tr>
    </tbody>
  </table>
  <h2
    class="chakra-heading css-1k51fm5"
  >
    Cart Totals
  </h2>
  <div
    class="css-3u1iq8"
  >
    <div
      class="css-19y425s"
    >
      <p
        class="chakra-text css-0"
      >
        Subtotal
      </p>
      <p
        class="chakra-text css-0"
      >
        $138.00
      </p>
    </div>
    <hr
      aria-orientation="horizontal"
      class="chakra-divider css-1upb9tn"
    />
    <div
      class="css-19y425s"
    >
      <p
        class="chakra-text css-0"
      >
        ShippingFree
      </p>
      <p
        class="chakra-text css-0"
      >
        FREE!!!
      </p>
    </div>
    <hr
      aria-orientation="horizontal"
      class="chakra-divider css-1upb9tn"
    />
    <div
      class="css-19y425s"
    >
      <p
        class="chakra-text css-19q2mny"
      >
        Total
      </p>
      <p
        class="chakra-text css-0"
      >
        $138.00
      </p>
    </div>
  </div>
  <button
    class="chakra-button css-70vipg"
    type="button"
  >
    Proceed to Checkout
  </button>
</div>
`;
