// Jest Snapshot v1, https://goo.gl/fbAQLP

exports[`Logo component should match snapshot for Logo 1`] = `
<div>
  <h1
    class="chakra-heading css-jouhmg"
  >
    <a
      href="/products"
    >
      NorthStar
    </a>
  </h1>
</div>
`;
