// Jest Snapshot v1, https://goo.gl/fbAQLP

exports[`SelectSize component should match snapshot for SelectSize 1`] = `
<div>
  <button
    aria-controls="menu-list-:r7:"
    aria-expanded="false"
    aria-haspopup="menu"
    class="chakra-button chakra-menu__menu-button css-4xx2wk"
    id="menu-button-:r7:"
    type="button"
  >
    <span
      class="css-xl71ch"
    >
      Select Size
    </span>
    <span
      class="chakra-button__icon css-1hzyiq5"
    >
      <svg
        class="chakra-icon css-1mvevqt"
        focusable="false"
        viewBox="0 0 13 8"
        xmlns="http://www.w3.org/2000/svg"
      >
        <path
          d="M5.66016 7.69531C5.90625 7.94141 6.31641 7.94141 6.5625 7.69531L11.8945 2.39062C12.1406 2.11719 12.1406 1.70703 11.8945 1.46094L11.2656 0.832031C11.0195 0.585938 10.6094 0.585938 10.3359 0.832031L6.125 5.04297L1.88672 0.832031C1.61328 0.585938 1.20312 0.585938 0.957031 0.832031L0.328125 1.46094C0.0820312 1.70703 0.0820312 2.11719 0.328125 2.39062L5.66016 7.69531Z"
          fill="#818181"
        />
      </svg>
    </span>
  </button>
  <div
    class="css-0"
    style="visibility: hidden; position: absolute; min-width: max-content; inset: 0 auto auto 0;"
  >
    <div
      aria-orientation="vertical"
      class="chakra-menu__menu-list css-sjt5nk"
      id="menu-list-:r7:"
      role="menu"
      style="transform-origin: var(--popper-transform-origin); opacity: 0; visibility: hidden; transform: scale(0.8);"
      tabindex="-1"
    >
      <button
        class="chakra-menu__menuitem css-1edjah3"
        data-index="0"
        id="menu-list-:r7:-menuitem-:r8:"
        role="menuitem"
        tabindex="-1"
        type="button"
        value="1"
      >
        <div
          class="css-l64258"
        >
          <p
            class="chakra-text css-9ooqc1"
          >
            Small
          </p>
          <p
            class="chakra-text css-9ooqc1"
          >
            S
          </p>
        </div>
      </button>
      <button
        class="chakra-menu__menuitem css-1edjah3"
        data-index="1"
        id="menu-list-:r7:-menuitem-:r9:"
        role="menuitem"
        tabindex="-1"
        type="button"
        value="2"
      >
        <div
          class="css-l64258"
        >
          <p
            class="chakra-text css-9ooqc1"
          >
            Medium
          </p>
          <p
            class="chakra-text css-9ooqc1"
          >
            M
          </p>
        </div>
      </button>
      <button
        class="chakra-menu__menuitem css-1edjah3"
        data-index="2"
        id="menu-list-:r7:-menuitem-:ra:"
        role="menuitem"
        tabindex="-1"
        type="button"
        value="3"
      >
        <div
          class="css-l64258"
        >
          <p
            class="chakra-text css-9ooqc1"
          >
            Large
          </p>
          <p
            class="chakra-text css-9ooqc1"
          >
            L
          </p>
        </div>
      </button>
      <button
        class="chakra-menu__menuitem css-1edjah3"
        data-index="3"
        id="menu-list-:r7:-menuitem-:rb:"
        role="menuitem"
        tabindex="-1"
        type="button"
        value="4"
      >
        <div
          class="css-l64258"
        >
          <p
            class="chakra-text css-9ooqc1"
          >
            Extra Large
          </p>
          <p
            class="chakra-text css-9ooqc1"
          >
            XL
          </p>
        </div>
      </button>
    </div>
  </div>
</div>
`;
