// Jest Snapshot v1, https://goo.gl/fbAQLP

exports[`CartTable component should match snapshot for CartTable component 1`] = `
<div>
  <table
    class="chakra-table css-0"
  >
    <thead
      class="css-0"
    >
      <tr
        class="css-0"
      >
        <th
          class="css-0"
        />
        <th
          class="css-0"
        />
        <th
          class="css-0"
        >
          Product
        </th>
        <th
          class="css-0"
        >
          Price
        </th>
        <th
          class="css-0"
        >
          Quantity
        </th>
        <th
          class="css-0"
        >
          Total
        </th>
      </tr>
    </thead>
    <tbody
      class="css-0"
    >
      <tr
        class="css-0"
      >
        <td
          class="css-1a88wtd"
        >
          <div
            class="css-ie49k9"
          >
            x
          </div>
        </td>
        <td
          class="css-0"
        >
          <img
            alt="Product Image"
            data-nimg="1"
            decoding="async"
            fetchpriority="high"
            height="56"
            src="/_next/image?url=https%3A%2F%2Ffirebasestorage.googleapis.com%2Fv0%2Fb%2Fecommerce-fashion-16e2e.appspot.com%2Fo%2Fblack-polo-shirt.webp%3Falt%3Dmedia&w=96&q=75"
            srcset="/_next/image?url=https%3A%2F%2Ffirebasestorage.googleapis.com%2Fv0%2Fb%2Fecommerce-fashion-16e2e.appspot.com%2Fo%2Fblack-polo-shirt.webp%3Falt%3Dmedia&w=48&q=75 1x, /_next/image?url=https%3A%2F%2Ffirebasestorage.googleapis.com%2Fv0%2Fb%2Fecommerce-fashion-16e2e.appspot.com%2Fo%2Fblack-polo-shirt.webp%3Falt%3Dmedia&w=96&q=75 2x"
            style="color: transparent;"
            width="48"
          />
        </td>
        <td
          class="css-0"
          style="font-weight: bold;"
        >
          <a
            href="/products/1"
          >
            Plain White Shirt
          </a>
        </td>
        <td
          class="css-0"
        >
          $69.00
        </td>
        <td
          class="css-0"
        >
          <div
            class="css-wpwawf"
          >
            <div
              class="css-1en42kf"
            >
              <button
                class="chakra-button css-15ey06b"
                type="button"
              >
                -
              </button>
            </div>
            <div
              class="css-1en42kf"
            >
              <span
                class="chakra-text css-uh9d7y"
              >
                2
              </span>
            </div>
            <div
              class="css-1en42kf"
            >
              <button
                class="chakra-button css-d83nk5"
                type="button"
              >
                +
              </button>
            </div>
          </div>
        </td>
        <td
          class="css-0"
        >
          $138.00
        </td>
      </tr>
    </tbody>
  </table>
</div>
`;
