// Jest Snapshot v1, https://goo.gl/fbAQLP

exports[`Categories should match snapshot for Categories 1`] = `
<div>
  <div
    class="css-k008qs"
  >
    <span
      class="chakra-text css-1c9wxup"
    >
      Category:Â 
    </span>
    <p
      class="chakra-text css-1wsccn1"
    >
      Women, Men, Polo, Jacket, Casual, Formal
    </p>
  </div>
</div>
`;
