// Jest Snapshot v1, https://goo.gl/fbAQLP

exports[`ProductList component should match snapshot for ProductCard 1`] = `
<div>
  <p
    class="chakra-text css-xi606m"
  >
    No products in list
  </p>
</div>
`;
